2026-02-25 13:13:30.169 | INFO     | __main__:__init__:65 - ✅ Agent Tayara initialisé (headless=False)
2026-02-25 13:13:30.171 | INFO     | __main__:run:482 - 🚀 Démarrage de tayara (Selenium)
2026-02-25 13:13:52.598 | INFO     | __main__:init_driver:107 - ✅ Driver Selenium initialisé avec succès
2026-02-25 13:13:52.599 | INFO     | __main__:scrape:406 - 🔍 Recherche d'une URL valide...
2026-02-25 13:13:52.600 | INFO     | __main__:find_working_url:145 - 🔍 Test de l'URL: https://www.tayara.tn/immobilier/vente/
2026-02-25 13:13:57.102 | INFO     | __main__:find_working_url:159 - ✅ URL valide trouvée: https://www.tayara.tn/immobilier/vente/ (indicateur: annonce)
2026-02-25 13:13:57.103 | INFO     | __main__:scrape:415 - 🌐 Navigation vers https://www.tayara.tn/immobilier/vente/
2026-02-25 13:14:02.105 | INFO     | __main__:scrape:423 - 📄 Scraping page 1/3
2026-02-25 13:14:10.964 | INFO     | __main__:extract_annonces_from_page:193 - ✅ Sélecteur 'article' a trouvé 131 éléments
2026-02-25 13:14:10.965 | INFO     | __main__:extract_annonces_from_page:202 - 📊 131 annonces potentielles trouvées
2026-02-25 13:14:11.904 | DEBUG    | __main__:extract_annonces_from_page:216 - ✅ Annonce #1 extraite: A vendre Local Commercial de 6...
2026-02-25 13:14:12.771 | DEBUG    | __main__:extract_annonces_from_page:216 - ✅ Annonce #2 extraite: A VENDRE – Appartement S+1 Hau...
2026-02-25 13:14:13.576 | DEBUG    | __main__:extract_annonces_from_page:216 - ✅ Annonce #3 extraite: A VENDRE – Appartement S+1 Hau...
2026-02-25 13:14:14.451 | DEBUG    | __main__:extract_annonces_from_page:216 - ✅ Annonce #4 extraite: A vendre Local Commercial de 8...
2026-02-25 13:14:15.094 | DEBUG    | __main__:extract_annonces_from_page:216 - ✅ Annonce #5 extraite: A VENDRE – Appartement S+3 Hau...
2026-02-25 13:14:15.811 | DEBUG    | __main__:extract_annonces_from_page:216 - ✅ Annonce #6 extraite: A vendre Local Commercial de 1...
2026-02-25 13:14:16.645 | DEBUG    | __main__:extract_annonces_from_page:216 - ✅ Annonce #7 extraite: S +3 Situé Au 1er étage...
2026-02-25 13:14:17.284 | DEBUG    | __main__:extract_annonces_from_page:216 - ✅ Annonce #8 extraite: S +3 Rez De Chaussée Avec Jard...
2026-02-25 13:14:17.972 | DEBUG    | __main__:extract_annonces_from_page:216 - ✅ Annonce #9 extraite: S +1 Situé Au Premier étage...
2026-02-25 13:14:18.887 | DEBUG    | __main__:extract_annonces_from_page:216 - ✅ Annonce #10 extraite: S +2 au 4 éme étage...
2026-02-25 13:14:19.689 | DEBUG    | __main__:extract_annonces_from_page:216 - ✅ Annonce #11 extraite: S +3 Situé Au 3ème étage Avec ...
2026-02-25 13:14:20.500 | DEBUG    | __main__:extract_annonces_from_page:216 - ✅ Annonce #12 extraite: S+1 Situé Au 3ème étage...
2026-02-25 13:14:21.465 | DEBUG    | __main__:extract_annonces_from_page:216 - ✅ Annonce #13 extraite: Un Très Spacieux S + 4 Avec Ja...
2026-02-25 13:14:22.080 | DEBUG    | __main__:extract_annonces_from_page:216 - ✅ Annonce #14 extraite: 🏡 À vendre – Appartement S+1 a...
2026-02-25 13:14:22.785 | DEBUG    | __main__:extract_annonces_from_page:216 - ✅ Annonce #15 extraite: 🏡 À vendre – Appartement S+2 a...
2026-02-25 13:14:23.622 | DEBUG    | __main__:extract_annonces_from_page:216 - ✅ Annonce #16 extraite: 🏡 À vendre – Appartement S+1 a...
2026-02-25 13:14:24.626 | DEBUG    | __main__:extract_annonces_from_page:216 - ✅ Annonce #17 extraite: 🏡 À vendre – Appartement S+3 a...
2026-02-25 13:14:25.675 | DEBUG    | __main__:extract_annonces_from_page:216 - ✅ Annonce #18 extraite: 🏡 À vendre – Appartement S+3 a...
2026-02-25 13:14:26.318 | DEBUG    | __main__:extract_annonces_from_page:216 - ✅ Annonce #19 extraite: 🏡 À vendre – Appartement S+1 a...
2026-02-25 13:14:27.202 | DEBUG    | __main__:extract_annonces_from_page:216 - ✅ Annonce #20 extraite: 🏡 À vendre – Appartement S+4 a...
2026-02-25 13:14:27.827 | DEBUG    | __main__:extract_annonces_from_page:216 - ✅ Annonce #21 extraite: À vendre – Appartement S+3 au ...
2026-02-25 13:14:28.502 | DEBUG    | __main__:extract_annonces_from_page:216 - ✅ Annonce #22 extraite: À vendre – Appartement S+2 au ...
2026-02-25 13:14:29.497 | DEBUG    | __main__:extract_annonces_from_page:216 - ✅ Annonce #23 extraite: À vendre – Appartement S+1 au ...
2026-02-25 13:14:30.526 | DEBUG    | __main__:extract_annonces_from_page:216 - ✅ Annonce #24 extraite: Appartement S+3 – 2ᵉ étage | R...
2026-02-25 13:14:31.456 | DEBUG    | __main__:extract_annonces_from_page:216 - ✅ Annonce #25 extraite: À vendre – Appartement S+3 au1...
2026-02-25 13:14:32.206 | DEBUG    | __main__:extract_annonces_from_page:216 - ✅ Annonce #26 extraite: À vendre – Appartement S+1 au ...
2026-02-25 13:14:32.995 | DEBUG    | __main__:extract_annonces_from_page:216 - ✅ Annonce #27 extraite: Appartement S+3 – 6ᵉ étage | R...
2026-02-25 13:14:34.003 | DEBUG    | __main__:extract_annonces_from_page:216 - ✅ Annonce #28 extraite: Appartement S+3 – 3ᵉ étage | R...
2026-02-25 13:14:34.869 | DEBUG    | __main__:extract_annonces_from_page:216 - ✅ Annonce #29 extraite: À louer | Appartement S+2 à Sa...
2026-02-25 13:14:35.700 | DEBUG    | __main__:extract_annonces_from_page:216 - ✅ Annonce #30 extraite: À louer – Appartement S+3 à Ka...
2026-02-25 13:14:35.701 | INFO     | __main__:scrape:432 - ✅ 30 annonces trouvées sur la page 1
2026-02-25 13:14:38.588 | INFO     | __main__:go_to_next_page:387 - ➡️ Tentative navigation directe: https://www.tayara.tn/immobilier/vente/?page=2
2026-02-25 13:14:51.670 | INFO     | __main__:scrape:423 - 📄 Scraping page 2/3
2026-02-25 13:15:02.512 | INFO     | __main__:extract_annonces_from_page:193 - ✅ Sélecteur 'article' a trouvé 131 éléments
2026-02-25 13:15:02.513 | INFO     | __main__:extract_annonces_from_page:202 - 📊 131 annonces potentielles trouvées
2026-02-25 13:15:03.195 | DEBUG    | __main__:extract_annonces_from_page:216 - ✅ Annonce #1 extraite: A vendre Local Commercial de 6...
2026-02-25 13:15:03.990 | DEBUG    | __main__:extract_annonces_from_page:216 - ✅ Annonce #2 extraite: A VENDRE – Appartement S+1 Hau...
2026-02-25 13:15:04.756 | DEBUG    | __main__:extract_annonces_from_page:216 - ✅ Annonce #3 extraite: A VENDRE – Appartement S+1 Hau...
2026-02-25 13:15:05.388 | DEBUG    | __main__:extract_annonces_from_page:216 - ✅ Annonce #4 extraite: A vendre Local Commercial de 8...
2026-02-25 13:15:06.030 | DEBUG    | __main__:extract_annonces_from_page:216 - ✅ Annonce #5 extraite: A VENDRE – Appartement S+3 Hau...
2026-02-25 13:15:06.675 | DEBUG    | __main__:extract_annonces_from_page:216 - ✅ Annonce #6 extraite: A vendre Local Commercial de 1...
2026-02-25 13:15:07.613 | DEBUG    | __main__:extract_annonces_from_page:216 - ✅ Annonce #7 extraite: S +3 Situé Au 1er étage...
2026-02-25 13:15:08.214 | DEBUG    | __main__:extract_annonces_from_page:216 - ✅ Annonce #8 extraite: S +3 Rez De Chaussée Avec Jard...
2026-02-25 13:15:09.055 | DEBUG    | __main__:extract_annonces_from_page:216 - ✅ Annonce #9 extraite: S +1 Situé Au Premier étage...
2026-02-25 13:15:10.041 | DEBUG    | __main__:extract_annonces_from_page:216 - ✅ Annonce #10 extraite: S +2 au 4 éme étage...
2026-02-25 13:15:10.901 | DEBUG    | __main__:extract_annonces_from_page:216 - ✅ Annonce #11 extraite: S +3 Situé Au 3ème étage Avec ...
2026-02-25 13:15:11.597 | DEBUG    | __main__:extract_annonces_from_page:216 - ✅ Annonce #12 extraite: S+1 Situé Au 3ème étage...
2026-02-25 13:15:12.596 | DEBUG    | __main__:extract_annonces_from_page:216 - ✅ Annonce #13 extraite: Un Très Spacieux S + 4 Avec Ja...
2026-02-25 13:15:13.462 | DEBUG    | __main__:extract_annonces_from_page:216 - ✅ Annonce #14 extraite: 🏡 À vendre – Appartement S+1 a...
2026-02-25 13:15:14.179 | DEBUG    | __main__:extract_annonces_from_page:216 - ✅ Annonce #15 extraite: 🏡 À vendre – Appartement S+2 a...
2026-02-25 13:15:14.853 | DEBUG    | __main__:extract_annonces_from_page:216 - ✅ Annonce #16 extraite: 🏡 À vendre – Appartement S+1 a...
2026-02-25 13:15:15.751 | DEBUG    | __main__:extract_annonces_from_page:216 - ✅ Annonce #17 extraite: 🏡 À vendre – Appartement S+3 a...
2026-02-25 13:15:17.013 | DEBUG    | __main__:extract_annonces_from_page:216 - ✅ Annonce #18 extraite: 🏡 À vendre – Appartement S+3 a...
2026-02-25 13:15:17.745 | DEBUG    | __main__:extract_annonces_from_page:216 - ✅ Annonce #19 extraite: 🏡 À vendre – Appartement S+1 a...
2026-02-25 13:15:18.392 | DEBUG    | __main__:extract_annonces_from_page:216 - ✅ Annonce #20 extraite: 🏡 À vendre – Appartement S+4 a...
2026-02-25 13:15:19.157 | DEBUG    | __main__:extract_annonces_from_page:216 - ✅ Annonce #21 extraite: À vendre – Appartement S+3 au ...
2026-02-25 13:15:20.055 | DEBUG    | __main__:extract_annonces_from_page:216 - ✅ Annonce #22 extraite: À vendre – Appartement S+2 au ...
2026-02-25 13:15:20.631 | DEBUG    | __main__:extract_annonces_from_page:216 - ✅ Annonce #23 extraite: À vendre – Appartement S+1 au ...
2026-02-25 13:15:21.346 | DEBUG    | __main__:extract_annonces_from_page:216 - ✅ Annonce #24 extraite: Appartement S+3 – 2ᵉ étage | R...
2026-02-25 13:15:21.974 | DEBUG    | __main__:extract_annonces_from_page:216 - ✅ Annonce #25 extraite: À vendre – Appartement S+3 au1...
2026-02-25 13:15:22.819 | DEBUG    | __main__:extract_annonces_from_page:216 - ✅ Annonce #26 extraite: À vendre – Appartement S+1 au ...
2026-02-25 13:15:23.614 | DEBUG    | __main__:extract_annonces_from_page:216 - ✅ Annonce #27 extraite: Appartement S+3 – 6ᵉ étage | R...
2026-02-25 13:15:24.601 | DEBUG    | __main__:extract_annonces_from_page:216 - ✅ Annonce #28 extraite: Appartement S+3 – 3ᵉ étage | R...
2026-02-25 13:15:25.499 | DEBUG    | __main__:extract_annonces_from_page:216 - ✅ Annonce #29 extraite: À louer | Appartement S+2 à Sa...
2026-02-25 13:15:26.126 | DEBUG    | __main__:extract_annonces_from_page:216 - ✅ Annonce #30 extraite: À louer – Appartement S+3 à Ka...
2026-02-25 13:15:26.126 | INFO     | __main__:scrape:432 - ✅ 30 annonces trouvées sur la page 2
2026-02-25 13:15:29.788 | INFO     | __main__:go_to_next_page:387 - ➡️ Tentative navigation directe: https://www.tayara.tn/immobilier/vente/?page=3
2026-02-25 13:15:43.746 | INFO     | __main__:scrape:423 - 📄 Scraping page 3/3
2026-02-25 13:15:53.473 | INFO     | __main__:extract_annonces_from_page:193 - ✅ Sélecteur 'article' a trouvé 131 éléments
2026-02-25 13:15:53.474 | INFO     | __main__:extract_annonces_from_page:202 - 📊 131 annonces potentielles trouvées
2026-02-25 13:15:54.431 | DEBUG    | __main__:extract_annonces_from_page:216 - ✅ Annonce #1 extraite: A vendre Local Commercial de 6...
2026-02-25 13:15:55.195 | DEBUG    | __main__:extract_annonces_from_page:216 - ✅ Annonce #2 extraite: A VENDRE – Appartement S+1 Hau...
2026-02-25 13:15:56.161 | DEBUG    | __main__:extract_annonces_from_page:216 - ✅ Annonce #3 extraite: A VENDRE – Appartement S+1 Hau...
2026-02-25 13:15:56.981 | DEBUG    | __main__:extract_annonces_from_page:216 - ✅ Annonce #4 extraite: A vendre Local Commercial de 8...
2026-02-25 13:15:57.807 | DEBUG    | __main__:extract_annonces_from_page:216 - ✅ Annonce #5 extraite: A VENDRE – Appartement S+3 Hau...
2026-02-25 13:15:58.571 | DEBUG    | __main__:extract_annonces_from_page:216 - ✅ Annonce #6 extraite: A vendre Local Commercial de 1...
2026-02-25 13:15:59.347 | DEBUG    | __main__:extract_annonces_from_page:216 - ✅ Annonce #7 extraite: S +3 Situé Au 1er étage...
2026-02-25 13:16:00.262 | DEBUG    | __main__:extract_annonces_from_page:216 - ✅ Annonce #8 extraite: S +3 Rez De Chaussée Avec Jard...
2026-02-25 13:16:01.072 | DEBUG    | __main__:extract_annonces_from_page:216 - ✅ Annonce #9 extraite: S +1 Situé Au Premier étage...
2026-02-25 13:16:01.841 | DEBUG    | __main__:extract_annonces_from_page:216 - ✅ Annonce #10 extraite: S +2 au 4 éme étage...
2026-02-25 13:16:02.751 | DEBUG    | __main__:extract_annonces_from_page:216 - ✅ Annonce #11 extraite: S +3 Situé Au 3ème étage Avec ...
2026-02-25 13:16:03.665 | DEBUG    | __main__:extract_annonces_from_page:216 - ✅ Annonce #12 extraite: S+1 Situé Au 3ème étage...
2026-02-25 13:16:04.645 | DEBUG    | __main__:extract_annonces_from_page:216 - ✅ Annonce #13 extraite: Un Très Spacieux S + 4 Avec Ja...
2026-02-25 13:16:05.360 | DEBUG    | __main__:extract_annonces_from_page:216 - ✅ Annonce #14 extraite: 🏡 À vendre – Appartement S+1 a...
2026-02-25 13:16:06.287 | DEBUG    | __main__:extract_annonces_from_page:216 - ✅ Annonce #15 extraite: 🏡 À vendre – Appartement S+2 a...
2026-02-25 13:16:07.316 | DEBUG    | __main__:extract_annonces_from_page:216 - ✅ Annonce #16 extraite: 🏡 À vendre – Appartement S+1 a...
2026-02-25 13:16:08.013 | DEBUG    | __main__:extract_annonces_from_page:216 - ✅ Annonce #17 extraite: 🏡 À vendre – Appartement S+3 a...
2026-02-25 13:16:08.650 | DEBUG    | __main__:extract_annonces_from_page:216 - ✅ Annonce #18 extraite: 🏡 À vendre – Appartement S+3 a...
2026-02-25 13:16:09.422 | DEBUG    | __main__:extract_annonces_from_page:216 - ✅ Annonce #19 extraite: 🏡 À vendre – Appartement S+1 a...
2026-02-25 13:16:10.241 | DEBUG    | __main__:extract_annonces_from_page:216 - ✅ Annonce #20 extraite: 🏡 À vendre – Appartement S+4 a...
2026-02-25 13:16:10.987 | DEBUG    | __main__:extract_annonces_from_page:216 - ✅ Annonce #21 extraite: À vendre – Appartement S+3 au ...
2026-02-25 13:16:11.739 | DEBUG    | __main__:extract_annonces_from_page:216 - ✅ Annonce #22 extraite: À vendre – Appartement S+2 au ...
2026-02-25 13:16:12.393 | DEBUG    | __main__:extract_annonces_from_page:216 - ✅ Annonce #23 extraite: À vendre – Appartement S+1 au ...
2026-02-25 13:16:13.373 | DEBUG    | __main__:extract_annonces_from_page:216 - ✅ Annonce #24 extraite: Appartement S+3 – 2ᵉ étage | R...
2026-02-25 13:16:14.361 | DEBUG    | __main__:extract_annonces_from_page:216 - ✅ Annonce #25 extraite: À vendre – Appartement S+3 au1...
2026-02-25 13:16:15.069 | DEBUG    | __main__:extract_annonces_from_page:216 - ✅ Annonce #26 extraite: À vendre – Appartement S+1 au ...
2026-02-25 13:16:15.678 | DEBUG    | __main__:extract_annonces_from_page:216 - ✅ Annonce #27 extraite: Appartement S+3 – 6ᵉ étage | R...
2026-02-25 13:16:16.593 | DEBUG    | __main__:extract_annonces_from_page:216 - ✅ Annonce #28 extraite: Appartement S+3 – 3ᵉ étage | R...
2026-02-25 13:16:17.379 | DEBUG    | __main__:extract_annonces_from_page:216 - ✅ Annonce #29 extraite: À louer | Appartement S+2 à Sa...
2026-02-25 13:16:18.097 | DEBUG    | __main__:extract_annonces_from_page:216 - ✅ Annonce #30 extraite: À louer – Appartement S+3 à Ka...
2026-02-25 13:16:18.098 | INFO     | __main__:scrape:432 - ✅ 30 annonces trouvées sur la page 3
2026-02-25 13:16:26.122 | INFO     | __main__:scrape:464 - 🎉 Scraping terminé: 90 annonces sur 3 pages
2026-02-25 13:16:30.012 | INFO     | __main__:scrape:475 - 🛑 Driver fermé
2026-02-25 13:16:30.014 | INFO     | __main__:run:486 - ✅ tayara terminé: 90 annonces
2026-02-25 13:16:30.202 | INFO     | __main__:run:510 - ⏱️  Temps d'exécution: 180.0 secondes
